// Jest Snapshot v1, https://goo.gl/fbAQLP

exports[`caculation string split elder 50 1`] = `"[\\"1/2 I can't believe Tweeter now supports chunking\\",\\"2/2 my messages, so I don't have to do it myself.\\"]"`;
